{"level":"info","message":"Request: POST /api/user/password-reset"}
{"level":"info","message":"Request: POST /api/user/password-reset"}
{"level":"info","message":"Request: POST /api/user/password-reset"}
{"level":"info","message":"Request: POST /api/user/password-reset"}
{"level":"info","message":"Request: POST /api/user/password-reset"}
{"level":"info","message":"Request: POST /api/user/password-reset"}
{"level":"info","message":"Request: POST /api/user/password-reset"}
{"level":"info","message":"Request: POST /api/user/password-reset"}
{"level":"info","message":"Request: POST /api/user/password-reset"}
{"level":"info","message":"Request: POST /api/user/password-reset"}
{"level":"info","message":"Request: POST /api/user/verify-otp"}
{"level":"info","message":"Request: POST /api/user/verify-otp"}
{"level":"info","message":"Request: POST /api/user/verify-otp"}
{"level":"info","message":"Request: POST /api/user/verify-otp"}
{"level":"info","message":"Request: POST /api/user/verify-otp"}
{"level":"info","message":"Request: POST /api/user/verify-otp"}
{"level":"info","message":"Request: GET /verify-email/$%7Buser.verificationToken%7D"}
{"level":"info","message":"Request: POST /api/user/verify-otp"}
{"level":"info","message":"Request: POST /api/user/verify-otp"}
{"level":"info","message":"Request: POST /api/user/verify-otp"}
{"level":"info","message":"Request: POST /api/user/verify-otp"}
{"level":"info","message":"Request: POST /api/user/verify-otp"}
{"level":"info","message":"Request: POST /api/user/verify-otp"}
{"level":"info","message":"Request: POST /api/user/verify-otp"}
{"level":"info","message":"Request: POST /api/user/verify-otp"}
{"level":"info","message":"Request: POST /api/user/verify-otp"}
{"level":"info","message":"Request: POST /api/user/password-reset"}
{"level":"info","message":"Request: POST /api/user/password-reset"}
{"level":"info","message":"Request: POST /api/user/password-reset"}
{"level":"info","message":"Request: POST /api/user/password-reset"}
{"level":"info","message":"Request: POST /api/user/password-reset"}
{"level":"info","message":"Request: POST /api/user/password-reset"}
{"level":"info","message":"Request: POST /api/user/password-reset"}
{"level":"info","message":"Request: POST /api/user/password-reset"}
{"level":"info","message":"Request: POST /api/user/password-reset"}
{"level":"info","message":"Request: POST /api/users/register"}
{"level":"info","message":"Request: POST /api/users/register"}
{"level":"info","message":"Request: POST /api/users/register"}
{"level":"info","message":"Request: POST /api/users/register"}
{"level":"info","message":"Request: POST /api/users/register"}
{"level":"info","message":"Request: POST /api/users/register"}
{"level":"info","message":"Request: POST /api/user/verify-otp"}
{"level":"info","message":"Request: POST /api/user/verify-otp"}
{"level":"info","message":"Request: POST /api/user/verify-otp"}
{"level":"info","message":"Request: POST /api/user/verify-otp"}
{"level":"info","message":"Request: POST /api/user/verify-otp"}
{"level":"info","message":"Request: GET /favicon.ico"}
{"level":"info","message":"Request: POST /api/user/verify-otp"}
{"level":"info","message":"Request: POST /login"}
{"level":"info","message":"Request: POST /login"}
{"level":"info","message":"Request: POST /login"}
{"level":"info","message":"Request: POST /login"}
{"level":"info","message":"Request: POST /register"}
{"level":"info","message":"Request: POST /login"}
{"level":"info","message":"Request: POST /login"}
{"level":"info","message":"Request: POST /verify-otp"}
{"level":"info","message":"Request: GET /flower_logo2.png"}
{"level":"info","message":"Request: GET /api/user/verify-otp/675f15893f334be5bc49949c"}
{"level":"info","message":"Request: GET /api/user/verify-otp/675f15893f334be5bc49949c"}
{"level":"info","message":"Request: GET /api/user/verify-otp/675f15893f334be5bc49949c"}
{"level":"info","message":"Request: GET /api/user/verify-otp/675f15893f334be5bc49949c"}
{"level":"info","message":"Request: GET /api/user/verify-otp/675f15893f334be5bc49949c"}
{"level":"info","message":"Request: GET /api/user/verify-otp/675f15893f334be5bc49949c"}
{"level":"info","message":"Request: GET /api/user/verify-otp/675f15893f334be5bc49949c"}
{"level":"info","message":"Request: GET /api/user/verify-otp/675f15893f334be5bc49949c"}
{"level":"info","message":"Request: GET /api/user/verify-otp/675f15893f334be5bc49949c"}
{"level":"info","message":"Request: GET /api/user/verify-otp/675f15893f334be5bc49949c"}
{"level":"info","message":"Request: GET /api/user/verify-otp/675f15893f334be5bc49949c"}
{"level":"info","message":"Request: GET /api/user/verify-otp/675f15893f334be5bc49949c"}
{"level":"info","message":"Request: GET /api/user/verify-otp/675f15893f334be5bc49949c"}
{"level":"info","message":"Request: GET /api/user/verify-otp/675f15893f334be5bc49949c"}
{"level":"info","message":"Request: GET /api/user/verify-otp/675f15893f334be5bc49949c"}
{"level":"info","message":"Request: GET /api/user/verify-otp/675f15893f334be5bc49949c"}
{"level":"info","message":"Request: GET /auth/google"}
{"level":"info","message":"Request: GET /auth/google/callback"}
{"level":"info","message":"Request: GET /auth/google/callback"}
{"level":"info","message":"Request: GET /auth/google"}
{"level":"info","message":"Request: GET /auth/google/callback"}
{"level":"info","message":"Request: GET /user/google/callback"}
{"level":"info","message":"Request: GET /user/google/callback"}
{"level":"info","message":"Request: GET /user/google/callback"}
{"level":"info","message":"Request: GET /user/google/callback"}
{"level":"info","message":"Request: GET /auth/google/callback"}
{"level":"info","message":"Request: GET /user/google/callback"}
{"level":"info","message":"Request: GET /user/google/callback"}
{"level":"info","message":"Request: GET /user/google/callback"}
{"level":"info","message":"Request: GET /user/google/callback"}
{"level":"info","message":"Request: GET /user/google/callback"}
{"level":"info","message":"Request: GET /user/google"}
{"level":"info","message":"Request: GET /user/google/callback"}
{"level":"info","message":"Request: GET /api/auth/google/callback?error=access_denied"}
{"level":"info","message":"Request: GET /api/auth/google"}
{"level":"info","message":"Request: GET /api/auth/google"}
{"level":"info","message":"Request: GET /api/auth/google"}
{"level":"info","message":"Request: GET /api/auth/google"}
{"level":"info","message":"Request: GET /api/auth/google"}
{"level":"info","message":"Request: GET /api/auth/google"}
{"level":"info","message":"Request: GET /api/auth/google"}
{"level":"info","message":"Request: GET /api/auth/google/callback?code=4%2F0AanRRru03cCFM3ztDuNoOCv1I8RK8vlytAQBLAz69LCMJbUMuenFQSdbs9TWBl5N_6WJkA&scope=email+profile+openid+https%3A%2F%2Fwww.googleapis.com%2Fauth%2Fuserinfo.profile+https%3A%2F%2Fwww.googleapis.com%2Fauth%2Fuserinfo.email&authuser=1&prompt=consent"}
{"level":"info","message":"Request: GET /api/auth/google/callback?code=4%2F0AanRRrsI6zJdiD91H7fxrcSpdiZ3c-Eu5AC7UcQD0r-DXzXb8W41bHH357yF0-XO5dE-xg&scope=email+profile+openid+https%3A%2F%2Fwww.googleapis.com%2Fauth%2Fuserinfo.profile+https%3A%2F%2Fwww.googleapis.com%2Fauth%2Fuserinfo.email&authuser=1&prompt=consent"}
{"level":"info","message":"Request: GET /api/auth/google/callback?code=4%2F0AanRRrtknx2Xn1IOzcqHgWPplF7Q59YAeJH27NEyAurmQlGPS5eTo9QQtVh4RCQGDEwJqA&scope=email+profile+openid+https%3A%2F%2Fwww.googleapis.com%2Fauth%2Fuserinfo.profile+https%3A%2F%2Fwww.googleapis.com%2Fauth%2Fuserinfo.email&authuser=1&prompt=consent"}
{"level":"info","message":"Request: GET /api/auth/google/callback?code=4%2F0AanRRrtknx2Xn1IOzcqHgWPplF7Q59YAeJH27NEyAurmQlGPS5eTo9QQtVh4RCQGDEwJqA&scope=email+profile+openid+https%3A%2F%2Fwww.googleapis.com%2Fauth%2Fuserinfo.profile+https%3A%2F%2Fwww.googleapis.com%2Fauth%2Fuserinfo.email&authuser=1&prompt=consent"}
{"level":"info","message":"Request: GET /api/auth/google/callback?code=4%2F0AanRRrsFCYQFiyBJk2tn6pcNcUfDAFQ6zYmK88JL2U8cm3rDEcrAQgJwME4SVYeKoUbSdg&scope=email+profile+openid+https%3A%2F%2Fwww.googleapis.com%2Fauth%2Fuserinfo.profile+https%3A%2F%2Fwww.googleapis.com%2Fauth%2Fuserinfo.email&authuser=1&prompt=consent"}
{"level":"info","message":"Request: GET /api/auth/google/callback?code=4%2F0AanRRrsFCYQFiyBJk2tn6pcNcUfDAFQ6zYmK88JL2U8cm3rDEcrAQgJwME4SVYeKoUbSdg&scope=email+profile+openid+https%3A%2F%2Fwww.googleapis.com%2Fauth%2Fuserinfo.profile+https%3A%2F%2Fwww.googleapis.com%2Fauth%2Fuserinfo.email&authuser=1&prompt=consent"}
{"level":"info","message":"Request: GET /api/auth/google/callback?error=access_denied"}
{"level":"info","message":"Request: GET /api/auth/google/callback?error=access_denied"}
{"level":"info","message":"Request: GET /api/auth/google/callback?code=4%2F0AanRRrtKk7bwRaQzaTvd87snCXD5AFzvuJiDzZ8tVqWFddKNp07-bUmyriYs1piPJOn9Wg&scope=email+profile+openid+https%3A%2F%2Fwww.googleapis.com%2Fauth%2Fuserinfo.profile+https%3A%2F%2Fwww.googleapis.com%2Fauth%2Fuserinfo.email&authuser=1&prompt=consent"}
{"level":"info","message":"Request: GET /api/auth/google/callback?error=access_denied"}
{"level":"info","message":"Request: GET /api/auth/google/callback?error=access_denied"}
{"level":"info","message":"Request: GET /api/auth/google/callback?error=access_denied"}
{"level":"info","message":"Request: GET /api/auth/google/callback?error=access_denied"}
{"level":"info","message":"Request: GET /api/auth/google/callback?code=4%2F0AanRRrttsTxxLbDNoFM8i_jVOrwM6XHSbylgO9IrsR8n8KYL-aoJWYQOnW3dw3eBSBMlOw&scope=email+profile+openid+https%3A%2F%2Fwww.googleapis.com%2Fauth%2Fuserinfo.profile+https%3A%2F%2Fwww.googleapis.com%2Fauth%2Fuserinfo.email&authuser=1&prompt=consent"}
{"level":"info","message":"Request: GET /api/auth/google/callback?code=4%2F0AanRRrud0paIfDt0d4XWlbfLTXdo7e55CmBAFDQYP0FjW5a25IOzoojrNsxgEvsaEqHy-g&scope=email+profile+openid+https%3A%2F%2Fwww.googleapis.com%2Fauth%2Fuserinfo.profile+https%3A%2F%2Fwww.googleapis.com%2Fauth%2Fuserinfo.email&authuser=1&prompt=consent"}
{"level":"info","message":"Request: GET /api/auth/google/callback?code=4%2F0AanRRrvekA5XvywhJYk5MSEP63IshVvt3MR2uMyYP9XIq6KqHgBr-oa4gOdDgsB7y97aiA&scope=email+profile+openid+https%3A%2F%2Fwww.googleapis.com%2Fauth%2Fuserinfo.profile+https%3A%2F%2Fwww.googleapis.com%2Fauth%2Fuserinfo.email&authuser=1&prompt=consent"}
{"level":"info","message":"Request: GET /api/auth/google/callback?code=4%2F0AanRRrsmWbaGJ-97U1AxxKlkMrZs7PSCDuJb-wAxN2MNubGLIP_MfKnW6EpU8Y_4jIlTlw&scope=email+profile+openid+https%3A%2F%2Fwww.googleapis.com%2Fauth%2Fuserinfo.profile+https%3A%2F%2Fwww.googleapis.com%2Fauth%2Fuserinfo.email&authuser=1&prompt=consent"}
{"level":"info","message":"Request: GET /api/auth/google/callback?code=4%2F0AanRRrsmWbaGJ-97U1AxxKlkMrZs7PSCDuJb-wAxN2MNubGLIP_MfKnW6EpU8Y_4jIlTlw&scope=email+profile+openid+https%3A%2F%2Fwww.googleapis.com%2Fauth%2Fuserinfo.profile+https%3A%2F%2Fwww.googleapis.com%2Fauth%2Fuserinfo.email&authuser=1&prompt=consent"}
{"level":"info","message":"Request: GET /favicon.ico"}
{"level":"info","message":"Request: GET /api/auth/google/callback?code=4%2F0AanRRrv1cJuzhGI7IltDY_DR9E6t1MJYPUvkOVeA7VSabSpIz0hEI6ynVARVlWKDl3Kcvw&scope=email+profile+openid+https%3A%2F%2Fwww.googleapis.com%2Fauth%2Fuserinfo.profile+https%3A%2F%2Fwww.googleapis.com%2Fauth%2Fuserinfo.email&authuser=1&prompt=consent"}
{"level":"info","message":"Request: GET /api/auth/google/callback?error=access_denied"}
{"level":"info","message":"Request: GET /favicon.ico"}
{"level":"info","message":"Request: GET /favicon.ico"}
{"level":"info","message":"Request: GET /favicon.ico"}
{"level":"info","message":"Request: GET /favicon.ico"}
{"level":"info","message":"Request: GET /favicon.ico"}
{"level":"info","message":"Request: GET /favicon.ico"}
{"level":"info","message":"Request: GET /favicon.ico"}
{"level":"info","message":"Request: GET /favicon.ico"}
{"level":"info","message":"Request: GET /favicon.ico"}
{"level":"info","message":"Request: GET /favicon.ico"}
{"level":"info","message":"Request: GET /favicon.ico"}
{"level":"info","message":"Request: GET /favicon.ico"}
{"level":"info","message":"Request: GET /favicon.ico"}
{"level":"info","message":"Request: GET /api/auth/google"}
{"level":"info","message":"Request: GET /api/auth/google"}
{"level":"info","message":"Request: GET /api/auth/google"}
{"level":"info","message":"Request: GET /api/auth/google/callback?code=4%2F0AanRRrtj3BKVyL38f7s_B8AFp96km5j7tEwmG_Zq5ZfSdaNdFgg5jWCsvlwfAVFZi-0pCw&scope=email+profile+https%3A%2F%2Fwww.googleapis.com%2Fauth%2Fuserinfo.email+https%3A%2F%2Fwww.googleapis.com%2Fauth%2Fuserinfo.profile+openid&authuser=0&prompt=none"}
{"level":"info","message":"Request: GET /api/auth/google/callback?code=4%2F0AanRRrtj3BKVyL38f7s_B8AFp96km5j7tEwmG_Zq5ZfSdaNdFgg5jWCsvlwfAVFZi-0pCw&scope=email+profile+https%3A%2F%2Fwww.googleapis.com%2Fauth%2Fuserinfo.email+https%3A%2F%2Fwww.googleapis.com%2Fauth%2Fuserinfo.profile+openid&authuser=0&prompt=none"}
{"level":"info","message":"Request: GET /api/user"}
{"level":"info","message":"Request: GET /api/auth/google"}
{"level":"info","message":"Request: GET /api/auth/google"}
{"level":"info","message":"Request: GET /favicon.ico"}
{"level":"info","message":"Request: GET /favicon.ico"}
{"level":"info","message":"Request: GET /api/user"}
{"level":"info","message":"Request: GET /api/user"}
{"level":"info","message":"Request: GET /api/user"}
{"level":"info","message":"Request: GET /favicon.ico"}
{"level":"info","message":"Request: GET /favicon.ico"}
{"level":"info","message":"Request: GET /favicon.ico"}
{"level":"info","message":"Request: GET /favicon.ico"}
{"level":"info","message":"Request: GET /favicon.ico"}
{"level":"info","message":"Request: GET /favicon.ico"}
{"level":"info","message":"Request: GET /favicon.ico"}
{"level":"info","message":"Request: GET /favicon.ico"}
{"level":"info","message":"Request: GET /favicon.ico"}
{"level":"info","message":"Request: GET /favicon.ico"}
{"level":"info","message":"Request: GET /favicon.ico"}
{"level":"info","message":"Request: GET /api/user"}
{"level":"info","message":"Request: GET /api/user"}
{"level":"info","message":"Request: GET /api/user"}
{"level":"info","message":"Request: GET /api/user"}
{"level":"info","message":"Request: GET /api/user"}
{"level":"info","message":"Request: GET /api/user"}
{"level":"info","message":"Request: GET /api/user"}
{"level":"info","message":"Request: GET /api/user"}
{"level":"info","message":"Request: GET /api/user"}
{"level":"info","message":"Request: GET /api/user"}
{"level":"info","message":"Request: GET /api/user"}
{"level":"info","message":"Request: GET /api/user"}
{"level":"info","message":"Request: GET /api/user"}
{"level":"info","message":"Request: GET /api/user"}
{"level":"info","message":"Request: GET /api/user"}
{"level":"info","message":"Request: GET /api/user"}
{"level":"info","message":"Request: GET /api/user"}
{"level":"info","message":"Request: GET /api/user"}
{"level":"info","message":"Request: GET /api/user"}
{"level":"info","message":"Request: GET /api/user"}
{"level":"info","message":"Request: GET /api/user"}
{"level":"info","message":"Request: GET /api/user"}
{"level":"info","message":"Request: GET /api/user"}
{"level":"info","message":"Request: GET /api/user"}
{"level":"info","message":"Request: GET /api/user"}
{"level":"info","message":"Request: GET /api/user"}
{"level":"info","message":"Request: GET /api/user"}
{"level":"info","message":"Request: GET /api/user"}
{"level":"info","message":"Request: GET /api/user"}
{"level":"info","message":"Request: GET /api/user"}
{"level":"info","message":"Request: GET /favicon.ico"}
{"level":"info","message":"Request: GET /api/user"}
{"level":"info","message":"Request: GET /favicon.ico"}
{"level":"info","message":"Request: GET /api/user"}
{"level":"info","message":"Request: GET /api/user"}
{"level":"info","message":"Request: GET /api/user"}
{"level":"info","message":"Request: GET /api/user"}
{"level":"info","message":"Request: GET /api/user"}
{"level":"info","message":"Request: GET /api/user"}
{"level":"info","message":"Request: GET /api/user"}
{"level":"info","message":"Request: GET /api/user"}
{"level":"info","message":"Request: GET /api/user"}
{"level":"info","message":"Request: GET /api/user"}
{"level":"info","message":"Request: GET /api/user"}
{"level":"info","message":"Request: GET /api/user"}
{"level":"info","message":"Request: GET /api/user"}
{"level":"info","message":"Request: GET /favicon.ico"}
{"level":"info","message":"Request: GET /api/user"}
{"level":"info","message":"Request: GET /favicon.ico"}
{"level":"info","message":"Request: GET /api/user"}
{"level":"info","message":"Request: GET /favicon.ico"}
{"level":"info","message":"Request: GET /favicon.ico"}
{"level":"info","message":"Request: GET /api/user"}
{"level":"info","message":"Request: GET /favicon.ico"}
{"level":"info","message":"Request: GET /api/user"}
{"level":"info","message":"Request: GET /favicon.ico"}
{"level":"info","message":"Request: GET /favicon.ico"}
{"level":"info","message":"Request: GET /api/user"}
{"level":"info","message":"Request: GET /favicon.ico"}
{"level":"info","message":"Request: GET /api/user"}
{"level":"info","message":"Request: GET /api/user"}
{"level":"info","message":"Request: GET /favicon.ico"}
{"level":"info","message":"Request: GET /favicon.ico"}
{"level":"info","message":"Request: GET /favicon.ico"}
{"level":"info","message":"Request: GET /api/user"}
{"level":"info","message":"Request: GET /api/user"}
{"level":"info","message":"Request: GET /favicon.ico"}
{"level":"info","message":"Request: GET /api/user"}
{"level":"info","message":"Request: GET /api/user"}
{"level":"info","message":"Request: GET /api/user"}
{"level":"info","message":"Request: GET /api/user"}
{"level":"info","message":"Request: GET /api/user"}
{"level":"info","message":"Request: GET /api/user"}
{"level":"info","message":"Request: GET /api/user"}
{"level":"info","message":"Request: GET /api/user"}
{"level":"info","message":"Request: GET /api/user"}
{"level":"info","message":"Request: GET /api/user"}
{"level":"info","message":"Request: GET /api/user"}
{"level":"info","message":"Request: GET /api/user"}
{"level":"info","message":"Request: GET /api/user"}
{"level":"info","message":"Request: GET /api/user"}
{"level":"info","message":"Request: GET /api/user"}
{"level":"info","message":"Request: GET /api/user"}
{"level":"info","message":"Request: GET /api/user"}
{"level":"info","message":"Request: GET /api/user"}
{"level":"info","message":"Request: GET /favicon.ico"}
{"level":"info","message":"Request: GET /favicon.ico"}
{"level":"info","message":"Request: GET /favicon.ico"}
{"level":"info","message":"Request: GET /favicon.ico"}
{"level":"info","message":"Request: GET /favicon.ico"}
{"level":"info","message":"Request: GET /favicon.ico"}
{"level":"info","message":"Request: GET /api/user"}
{"level":"info","message":"Request: GET /api/user"}
{"level":"info","message":"Request: GET /favicon.ico"}
{"level":"info","message":"Request: GET /api/user"}
{"level":"info","message":"Request: GET /api/user"}
{"level":"info","message":"Request: GET /auth/google"}
{"level":"info","message":"Request: GET /auth/google"}
{"level":"info","message":"Request: GET /auth/google"}
{"level":"info","message":"Request: GET /auth/google"}
{"level":"info","message":"Request: GET /auth/google"}
{"level":"info","message":"Request: GET /auth/google"}
{"level":"info","message":"Request: GET /api/chat/bot"}
{"level":"info","message":"Request: GET /favicon.ico"}
{"level":"info","message":"Request: GET /api/chat/bot"}
{"level":"info","message":"Request: GET /api/uth"}
{"level":"info","message":"Request: GET /auth/google"}
{"level":"info","message":"Request: GET /api/user/order"}
{"level":"info","message":"Request: GET /api/user/login"}
{"level":"info","message":"Request: GET /api/user/login"}
{"level":"info","message":"Request: GET /api/user/login"}
{"level":"info","message":"Request: GET /api/user/login"}
{"level":"info","message":"Request: GET /socket.io/?EIO=4&transport=websocket"}
{"level":"info","message":"Request: GET /socket.io/?EIO=4&transport=websocket"}
{"level":"info","message":"Request: GET /socket.io/?EIO=4&transport=websocket"}
{"level":"info","message":"Request: GET /socket.io/?EIO=4&transport=websocket"}
{"level":"info","message":"Request: GET /socket.io/?EIO=4&transport=websocket"}
{"level":"info","message":"Request: GET /socket.io/?EIO=4&transport=websocket"}
{"level":"info","message":"Request: GET /socket.io/?EIO=4&transport=websocket"}
{"level":"info","message":"Request: GET /socket.io/?EIO=4&transport=websocket"}
{"level":"info","message":"Request: GET /socket.io/?EIO=4&transport=websocket"}
{"level":"info","message":"Request: GET /socket.io/?EIO=4&transport=websocket"}
{"level":"info","message":"Request: GET /socket.io/?EIO=4&transport=websocket"}
{"level":"info","message":"Request: GET /socket.io/?EIO=4&transport=websocket"}
